src/pages/OrderDetailsPage.tsx(6,1): error TS6133: 'Input' is declared but its value is never read.
src/pages/RemitoDetailsPage.tsx(14,5): error TS6133: 'DialogFooter' is declared but its value is never read.
src/pages/RemitosPage.tsx(4,22): error TS6133: 'FileText' is declared but its value is never read.
